[    0.000000] Linux version 4.15.0-142-generic (buildd@lgw01-amd64-036) (gcc version 7.5.0 (Ubuntu 7.5.0-3ubuntu1~18.04)) #146-Ubuntu SMP Tue Apr 13 01:11:19 UTC 2021 (Ubuntu 4.15.0-142.146-generic 4.15.18)
[    0.000000] Command line: BOOT_IMAGE=/boot/vmlinuz-4.15.0-142-generic root=LABEL=cloudimg-rootfs ro console=tty1 console=ttyS0
[    0.000000] KERNEL supported cpus:
[    0.000000]   Intel GenuineIntel
[    0.000000]   AMD AuthenticAMD
[    0.000000]   Centaur CentaurHauls
[    0.000000] x86/fpu: Supporting XSAVE feature 0x001: 'x87 floating point registers'
[    0.000000] x86/fpu: Supporting XSAVE feature 0x002: 'SSE registers'
[    0.000000] x86/fpu: Supporting XSAVE feature 0x004: 'AVX registers'
[    0.000000] x86/fpu: xstate_offset[2]:  576, xstate_sizes[2]:  256
[    0.000000] x86/fpu: Enabled xstate features 0x7, context size is 832 bytes, using 'standard' format.
[    0.000000] e820: BIOS-provided physical RAM map:
[    0.000000] BIOS-e820: [mem 0x0000000000000000-0x000000000009fbff] usable
[    0.000000] BIOS-e820: [mem 0x000000000009fc00-0x000000000009ffff] reserved
[    0.000000] BIOS-e820: [mem 0x00000000000f0000-0x00000000000fffff] reserved
[    0.000000] BIOS-e820: [mem 0x0000000000100000-0x000000003ffeffff] usable
[    0.000000] BIOS-e820: [mem 0x000000003fff0000-0x000000003fffffff] ACPI data
[    0.000000] BIOS-e820: [mem 0x00000000fec00000-0x00000000fec00fff] reserved
[    0.000000] BIOS-e820: [mem 0x00000000fee00000-0x00000000fee00fff] reserved
[    0.000000] BIOS-e820: [mem 0x00000000fffc0000-0x00000000ffffffff] reserved
[    0.000000] NX (Execute Disable) protection: active
[    0.000000] SMBIOS 2.5 present.
[    0.000000] DMI: innotek GmbH VirtualBox/VirtualBox, BIOS VirtualBox 12/01/2006
[    0.000000] Hypervisor detected: KVM
[    0.000000] e820: last_pfn = 0x3fff0 max_arch_pfn = 0x400000000
[    0.000000] MTRR: Disabled
[    0.000000] x86/PAT: MTRRs disabled, skipping PAT initialization too.
[    0.000000] CPU MTRRs all blank - virtualized system.
[    0.000000] x86/PAT: Configuration [0-7]: WB  WT  UC- UC  WB  WT  UC- UC  
[    0.000000] found SMP MP-table at [mem 0x0009fff0-0x0009ffff]
[    0.000000] Scanning 1 areas for low memory corruption
[    0.000000] RAMDISK: [mem 0x359cf000-0x36cdefff]
[    0.000000] ACPI: Early table checksum verification disabled
[    0.000000] ACPI: RSDP 0x00000000000E0000 000024 (v02 VBOX  )
[    0.000000] ACPI: XSDT 0x000000003FFF0030 00003C (v01 VBOX   VBOXXSDT 00000001 ASL  00000061)
[    0.000000] ACPI: FACP 0x000000003FFF00F0 0000F4 (v04 VBOX   VBOXFACP 00000001 ASL  00000061)
[    0.000000] ACPI: DSDT 0x000000003FFF0470 002325 (v02 VBOX   VBOXBIOS 00000002 INTL 20100528)
[    0.000000] ACPI: FACS 0x000000003FFF0200 000040
[    0.000000] ACPI: FACS 0x000000003FFF0200 000040
[    0.000000] ACPI: APIC 0x000000003FFF0240 000054 (v02 VBOX   VBOXAPIC 00000001 ASL  00000061)
[    0.000000] ACPI: SSDT 0x000000003FFF02A0 0001CC (v01 VBOX   VBOXCPUT 00000002 INTL 20100528)
[    0.000000] No NUMA configuration found
[    0.000000] Faking a node at [mem 0x0000000000000000-0x000000003ffeffff]
[    0.000000] NODE_DATA(0) allocated [mem 0x3ffc5000-0x3ffeffff]
[    0.000000] kvm-clock: cpu 0, msr 0:3ff44001, primary cpu clock
[    0.000000] kvm-clock: Using msrs 4b564d01 and 4b564d00
[    0.000000] kvm-clock: using sched offset of 4279279557 cycles
[    0.000000] clocksource: kvm-clock: mask: 0xffffffffffffffff max_cycles: 0x1cd42e4dffb, max_idle_ns: 881590591483 ns
[    0.000000] Zone ranges:
[    0.000000]   DMA      [mem 0x0000000000001000-0x0000000000ffffff]
[    0.000000]   DMA32    [mem 0x0000000001000000-0x000000003ffeffff]
[    0.000000]   Normal   empty
[    0.000000]   Device   empty
[    0.000000] Movable zone start for each node
[    0.000000] Early memory node ranges
[    0.000000]   node   0: [mem 0x0000000000001000-0x000000000009efff]
[    0.000000]   node   0: [mem 0x0000000000100000-0x000000003ffeffff]
[    0.000000] Reserved but unavailable: 98 pages
[    0.000000] Initmem setup node 0 [mem 0x0000000000001000-0x000000003ffeffff]
[    0.000000] ACPI: PM-Timer IO Port: 0x4008
[    0.000000] IOAPIC[0]: apic_id 1, version 32, address 0xfec00000, GSI 0-23
[    0.000000] ACPI: INT_SRC_OVR (bus 0 bus_irq 0 global_irq 2 dfl dfl)
[    0.000000] ACPI: INT_SRC_OVR (bus 0 bus_irq 9 global_irq 9 low level)
[    0.000000] Using ACPI (MADT) for SMP configuration information
[    0.000000] smpboot: Allowing 1 CPUs, 0 hotplug CPUs
[    0.000000] PM: Registered nosave memory: [mem 0x00000000-0x00000fff]
[    0.000000] PM: Registered nosave memory: [mem 0x0009f000-0x0009ffff]
[    0.000000] PM: Registered nosave memory: [mem 0x000a0000-0x000effff]
[    0.000000] PM: Registered nosave memory: [mem 0x000f0000-0x000fffff]
[    0.000000] e820: [mem 0x40000000-0xfebfffff] available for PCI devices
[    0.000000] Booting paravirtualized kernel on KVM
[    0.000000] clocksource: refined-jiffies: mask: 0xffffffff max_cycles: 0xffffffff, max_idle_ns: 7645519600211568 ns
[    0.000000] random: get_random_bytes called from start_kernel+0x99/0x500 with crng_init=0
[    0.000000] setup_percpu: NR_CPUS:8192 nr_cpumask_bits:1 nr_cpu_ids:1 nr_node_ids:1
[    0.000000] percpu: Embedded 45 pages/cpu s147456 r8192 d28672 u2097152
[    0.000000] PV qspinlock hash table entries: 256 (order: 0, 4096 bytes)
[    0.000000] Built 1 zonelists, mobility grouping on.  Total pages: 257913
[    0.000000] Policy zone: DMA32
[    0.000000] Kernel command line: BOOT_IMAGE=/boot/vmlinuz-4.15.0-142-generic root=LABEL=cloudimg-rootfs ro console=tty1 console=ttyS0
[    0.000000] Memory: 982900K/1048120K available (12300K kernel code, 2483K rwdata, 4316K rodata, 2444K init, 2724K bss, 65220K reserved, 0K cma-reserved)
[    0.000000] SLUB: HWalign=64, Order=0-3, MinObjects=0, CPUs=1, Nodes=1
[    0.000000] ftrace: allocating 39434 entries in 155 pages
[    0.004000] Hierarchical RCU implementation.
[    0.004000] 	RCU restricting CPUs from NR_CPUS=8192 to nr_cpu_ids=1.
[    0.004000] 	Tasks RCU enabled.
[    0.004000] RCU: Adjusting geometry for rcu_fanout_leaf=16, nr_cpu_ids=1
[    0.004000] NR_IRQS: 524544, nr_irqs: 256, preallocated irqs: 16
[    0.004000] Console: colour VGA+ 80x25
[    0.004000] console [tty1] enabled
[    0.004000] console [ttyS0] enabled
[    0.004000] ACPI: Core revision 20170831
[    0.004000] ACPI: 2 ACPI AML tables successfully acquired and loaded
[    0.004000] APIC: Switch to symmetric I/O mode setup
[    0.004000] x2apic enabled
[    0.004000] Switched APIC routing to physical x2apic.
[    0.004000] ..TIMER: vector=0x30 apic1=0 pin1=2 apic2=-1 pin2=-1
[    0.004000] tsc: Detected 1800.000 MHz processor
[    0.004008] Calibrating delay loop (skipped) preset value.. 3600.00 BogoMIPS (lpj=7200000)
[    0.005078] pid_max: default: 32768 minimum: 301
[    0.005707] Security Framework initialized
[    0.006302] Yama: becoming mindful.
[    0.006809] AppArmor: AppArmor initialized
[    0.008030] Dentry cache hash table entries: 131072 (order: 8, 1048576 bytes)
[    0.008984] Inode-cache hash table entries: 65536 (order: 7, 524288 bytes)
[    0.012011] Mount-cache hash table entries: 2048 (order: 2, 16384 bytes)
[    0.013193] Mountpoint-cache hash table entries: 2048 (order: 2, 16384 bytes)
[    0.014676] process: using mwait in idle threads
[    0.015621] Last level iTLB entries: 4KB 64, 2MB 8, 4MB 8
[    0.016002] Last level dTLB entries: 4KB 64, 2MB 0, 4MB 0, 1GB 4
[    0.016876] Spectre V1 : Mitigation: usercopy/swapgs barriers and __user pointer sanitization
[    0.018020] Spectre V2 : Mitigation: Full generic retpoline
[    0.018815] Spectre V2 : Spectre v2 / SpectreRSB mitigation: Filling RSB on context switch
[    0.020002] Speculative Store Bypass: Vulnerable
[    0.020614] SRBDS: Mitigation: TSX disabled
[    0.032537] Freeing SMP alternatives memory: 36K
[    0.143436] smpboot: CPU0: Intel(R) Core(TM) i5-8265U CPU @ 1.60GHz (family: 0x6, model: 0x8e, stepping: 0xc)
[    0.144000] Performance Events: unsupported p6 CPU model 142 no PMU driver, software events only.
[    0.144000] Hierarchical SRCU implementation.
[    0.144596] NMI watchdog: Perf event create on CPU 0 failed with -2
[    0.145414] NMI watchdog: Perf NMI watchdog permanently disabled
[    0.146237] smp: Bringing up secondary CPUs ...
[    0.146853] smp: Brought up 1 node, 1 CPU
[    0.147404] smpboot: Max logical packages: 1
[    0.148003] smpboot: Total of 1 processors activated (3600.00 BogoMIPS)
[    0.148955] devtmpfs: initialized
[    0.149484] x86/mm: Memory block size: 128MB
[    0.150177] evm: security.selinux
[    0.150649] evm: security.SMACK64
[    0.151124] evm: security.SMACK64EXEC
[    0.152003] evm: security.SMACK64TRANSMUTE
[    0.152573] evm: security.SMACK64MMAP
[    0.153083] evm: security.apparmor
[    0.153569] evm: security.ima
[    0.153998] evm: security.capability
[    0.154580] clocksource: jiffies: mask: 0xffffffff max_cycles: 0xffffffff, max_idle_ns: 7645041785100000 ns
[    0.155857] futex hash table entries: 256 (order: 2, 16384 bytes)
[    0.156033] pinctrl core: initialized pinctrl subsystem
[    0.156813] RTC time: 19:20:16, date: 04/21/21
[    0.157485] NET: Registered protocol family 16
[    0.158183] audit: initializing netlink subsys (disabled)
[    0.158996] cpuidle: using governor ladder
[    0.160012] audit: type=2000 audit(1619032822.743:1): state=initialized audit_enabled=0 res=1
[    0.161137] cpuidle: using governor menu
[    0.161708] ACPI: bus type PCI registered
[    0.162273] acpiphp: ACPI Hot Plug PCI Controller Driver version: 0.5
[    0.163194] PCI: Using configuration type 1 for base access
[    0.164765] HugeTLB registered 2.00 MiB page size, pre-allocated 0 pages
[    0.168091] ACPI: Added _OSI(Module Device)
[    0.168667] ACPI: Added _OSI(Processor Device)
[    0.169269] ACPI: Added _OSI(3.0 _SCP Extensions)
[    0.170081] ACPI: Added _OSI(Processor Aggregator Device)
[    0.171071] ACPI: Added _OSI(Linux-Dell-Video)
[    0.172007] ACPI: Added _OSI(Linux-Lenovo-NV-HDMI-Audio)
[    0.172940] ACPI: Added _OSI(Linux-HPI-Hybrid-Graphics)
[    0.174222] ACPI: Executed 1 blocks of module-level executable AML code
[    0.178602] ACPI: Interpreter enabled
[    0.179128] ACPI: (supports S0 S5)
[    0.180003] ACPI: Using IOAPIC for interrupt routing
[    0.180867] PCI: Using host bridge windows from ACPI; if necessary, use "pci=nocrs" and report a bug
[    0.182207] ACPI: Enabled 2 GPEs in block 00 to 07
[    0.188999] ACPI: PCI Root Bridge [PCI0] (domain 0000 [bus 00-ff])
[    0.189789] acpi PNP0A03:00: _OSC: OS supports [ASPM ClockPM Segments MSI]
[    0.191025] acpi PNP0A03:00: _OSC: not requesting OS control; OS requires [ExtendedConfig ASPM ClockPM MSI]
[    0.192011] acpi PNP0A03:00: fail to add MMCONFIG information, can't access extended PCI configuration space under this bridge.
[    0.193742] PCI host bridge to bus 0000:00
[    0.194287] pci_bus 0000:00: root bus resource [io  0x0000-0x0cf7 window]
[    0.195175] pci_bus 0000:00: root bus resource [io  0x0d00-0xffff window]
[    0.196003] pci_bus 0000:00: root bus resource [mem 0x000a0000-0x000bffff window]
[    0.196965] pci_bus 0000:00: root bus resource [mem 0x40000000-0xfdffffff window]
[    0.197973] pci_bus 0000:00: root bus resource [bus 00-ff]
[    0.200642] pci 0000:00:01.1: legacy IDE quirk: reg 0x10: [io  0x01f0-0x01f7]
[    0.201522] pci 0000:00:01.1: legacy IDE quirk: reg 0x14: [io  0x03f6]
[    0.202337] pci 0000:00:01.1: legacy IDE quirk: reg 0x18: [io  0x0170-0x0177]
[    0.203258] pci 0000:00:01.1: legacy IDE quirk: reg 0x1c: [io  0x0376]
[    0.213681] pci 0000:00:07.0: quirk: [io  0x4000-0x403f] claimed by PIIX4 ACPI
[    0.215125] pci 0000:00:07.0: quirk: [io  0x4100-0x410f] claimed by PIIX4 SMB
[    0.219738] ACPI: PCI Interrupt Link [LNKA] (IRQs 5 9 10 *11)
[    0.220261] ACPI: PCI Interrupt Link [LNKB] (IRQs 5 9 *10 11)
[    0.221080] ACPI: PCI Interrupt Link [LNKC] (IRQs 5 *9 10 11)
[    0.221903] ACPI: PCI Interrupt Link [LNKD] (IRQs 5 9 10 *11)
[    0.222967] SCSI subsystem initialized
[    0.224014] pci 0000:00:02.0: vgaarb: setting as boot VGA device
[    0.224838] pci 0000:00:02.0: vgaarb: VGA device added: decodes=io+mem,owns=io+mem,locks=none
[    0.225912] pci 0000:00:02.0: vgaarb: bridge control possible
[    0.226677] vgaarb: loaded
[    0.227079] ACPI: bus type USB registered
[    0.227632] usbcore: registered new interface driver usbfs
[    0.228012] usbcore: registered new interface driver hub
[    0.228700] usbcore: registered new device driver usb
[    0.229429] EDAC MC: Ver: 3.0.0
[    0.230113] PCI: Using ACPI for IRQ routing
[    0.230909] NetLabel: Initializing
[    0.231377] NetLabel:  domain hash size = 128
[    0.232002] NetLabel:  protocols = UNLABELED CIPSOv4 CALIPSO
[    0.232745] NetLabel:  unlabeled traffic allowed by default
[    0.233540] clocksource: Switched to clocksource kvm-clock
[    0.247727] VFS: Disk quotas dquot_6.6.0
[    0.248430] VFS: Dquot-cache hash table entries: 512 (order 0, 4096 bytes)
[    0.249604] AppArmor: AppArmor Filesystem Enabled
[    0.250369] pnp: PnP ACPI init
[    0.251755] pnp: PnP ACPI: found 3 devices
[    0.257876] clocksource: acpi_pm: mask: 0xffffff max_cycles: 0xffffff, max_idle_ns: 2085701024 ns
[    0.259264] NET: Registered protocol family 2
[    0.260059] TCP established hash table entries: 8192 (order: 4, 65536 bytes)
[    0.261245] TCP bind hash table entries: 8192 (order: 5, 131072 bytes)
[    0.262369] TCP: Hash tables configured (established 8192 bind 8192)
[    0.263360] UDP hash table entries: 512 (order: 2, 16384 bytes)
[    0.264405] UDP-Lite hash table entries: 512 (order: 2, 16384 bytes)
[    0.265625] NET: Registered protocol family 1
[    0.266225] pci 0000:00:00.0: Limiting direct PCI/PCI transfers
[    0.267047] pci 0000:00:01.0: Activating ISA DMA hang workarounds
[    0.267863] pci 0000:00:02.0: Video device with shadowed ROM at [mem 0x000c0000-0x000dffff]
[    0.269032] Unpacking initramfs...
[    0.572266] Freeing initrd memory: 19520K
[    0.573296] clocksource: tsc: mask: 0xffffffffffffffff max_cycles: 0x19f2297dd97, max_idle_ns: 440795236593 ns
[    0.575284] platform rtc_cmos: registered platform RTC device (no PNP device found)
[    0.576346] Scanning for low memory corruption every 60 seconds
[    0.577500] Initialise system trusted keyrings
[    0.578103] Key type blacklist registered
[    0.578676] workingset: timestamp_bits=36 max_order=18 bucket_order=0
[    0.580287] zbud: loaded
[    0.581022] squashfs: version 4.0 (2009/01/31) Phillip Lougher
[    0.581892] fuse init (API version 7.26)
[    0.582965] Key type asymmetric registered
[    0.583509] Asymmetric key parser 'x509' registered
[    0.584218] Block layer SCSI generic (bsg) driver version 0.4 loaded (major 246)
[    0.585190] io scheduler noop registered
[    0.585714] io scheduler deadline registered
[    0.586335] io scheduler cfq registered (default)
[    0.587118] ACPI: AC Adapter [AC] (on-line)
[    0.587748] input: Power Button as /devices/LNXSYSTM:00/LNXPWRBN:00/input/input0
[    0.588809] ACPI: Power Button [PWRF]
[    0.589358] input: Sleep Button as /devices/LNXSYSTM:00/LNXSLPBN:00/input/input1
[    0.590390] ACPI: Sleep Button [SLPF]
[    0.591564] ACPI: Battery Slot [BAT0] (battery present)
[    0.592343] Serial: 8250/16550 driver, 32 ports, IRQ sharing enabled
[    0.614243] 00:02: ttyS0 at I/O 0x3f8 (irq = 4, base_baud = 115200) is a 16550A
[    0.616789] Linux agpgart interface v0.103
[    0.618658] loop: module loaded
[    0.619704] scsi host0: ata_piix
[    0.620465] scsi host1: ata_piix
[    0.621128] ata1: PATA max UDMA/33 cmd 0x1f0 ctl 0x3f6 bmdma 0xd000 irq 14
[    0.622393] ata2: PATA max UDMA/33 cmd 0x170 ctl 0x376 bmdma 0xd008 irq 15
[    0.623862] libphy: Fixed MDIO Bus: probed
[    0.624431] tun: Universal TUN/TAP device driver, 1.6
[    0.625156] PPP generic driver version 2.4.2
[    0.625761] ehci_hcd: USB 2.0 'Enhanced' Host Controller (EHCI) Driver
[    0.626581] ehci-pci: EHCI PCI platform driver
[    0.627176] ehci-platform: EHCI generic platform driver
[    0.627894] ohci_hcd: USB 1.1 'Open' Host Controller (OHCI) Driver
[    0.628750] ohci-pci: OHCI PCI platform driver
[    0.629354] ohci-platform: OHCI generic platform driver
[    0.630036] uhci_hcd: USB Universal Host Controller Interface driver
[    0.630905] i8042: PNP: PS/2 Controller [PNP0303:PS2K,PNP0f03:PS2M] at 0x60,0x64 irq 1,12
[    0.632328] serio: i8042 KBD port at 0x60,0x64 irq 1
[    0.633058] serio: i8042 AUX port at 0x60,0x64 irq 12
[    0.633781] mousedev: PS/2 mouse device common for all mice
[    0.634745] input: AT Translated Set 2 keyboard as /devices/platform/i8042/serio0/input/input2
[    0.636392] rtc_cmos rtc_cmos: rtc core: registered rtc_cmos as rtc0
[    0.637287] rtc_cmos rtc_cmos: alarms up to one day, 114 bytes nvram
[    0.638105] i2c /dev entries driver
[    0.638664] device-mapper: uevent: version 1.0.3
[    0.639325] device-mapper: ioctl: 4.37.0-ioctl (2017-09-20) initialised: dm-devel@redhat.com
[    0.640550] ledtrig-cpu: registered to indicate activity on CPUs
[    0.641416] intel_pmc_core:  initialized
[    0.642079] NET: Registered protocol family 10
[    0.644753] Segment Routing with IPv6
[    0.645303] NET: Registered protocol family 17
[    0.645943] Key type dns_resolver registered
[    0.646711] mce: Using 0 MCE banks
[    0.647416] RAS: Correctable Errors collector initialized.
[    0.649243] sched_clock: Marking stable (649218244, 0)->(772525959, -123307715)
[    0.650982] registered taskstats version 1
[    0.651817] Loading compiled-in X.509 certificates
[    0.653796] Loaded X.509 cert 'Build time autogenerated kernel key: 028139f94c642d40642d50ab098c4e7b0aebaa81'
[    0.655530] Loaded X.509 cert 'Canonical Ltd. Live Patch Signing: 14df34d1a87cf37625abec039ef2bf521249b969'
[    0.657379] Loaded X.509 cert 'Canonical Ltd. Kernel Module Signing: 88f752e560a1e0737e31163a466ad7b70a850c19'
[    0.658726] zswap: loaded using pool lzo/zbud
[    0.661072] Key type big_key registered
[    0.661605] Key type trusted registered
[    0.663057] Key type encrypted registered
[    0.663603] AppArmor: AppArmor sha1 policy hashing enabled
[    0.664359] ima: No TPM chip found, activating TPM-bypass! (rc=-19)
[    0.665173] ima: Allocated hash algorithm: sha1
[    0.665792] evm: HMAC attrs: 0x1
[    0.666417]   Magic number: 1:852:344
[    0.666981] tty tty61: hash matches
[    0.667507] rtc_cmos rtc_cmos: setting system clock to 2021-04-21 19:20:17 UTC (1619032817)
[    0.668778] BIOS EDD facility v0.16 2004-Jun-25, 0 devices found
[    0.669551] EDD information not available.
[    0.813147] Freeing unused kernel image memory: 2444K
[    0.820311] Write protecting the kernel read-only data: 20480k
[    0.822227] Freeing unused kernel image memory: 2008K
[    0.823680] Freeing unused kernel image memory: 1828K
[    0.831236] x86/mm: Checked W+X mappings: passed, no W+X pages found.
Loading, please wait...
starting version 237
[    0.893970] e1000: Intel(R) PRO/1000 Network Driver - version 7.3.21-k8-NAPI
[    0.895241] e1000: Copyright (c) 1999-2006 Intel Corporation.
[    0.898123] Fusion MPT base driver 3.04.20
[    0.898994] Copyright (c) 1999-2008 LSI Corporation
[    0.907050] Fusion MPT SPI Host driver 3.04.20
[    0.934548] AVX2 version of gcm_enc/dec engaged.
[    0.935501] AES CTR mode by8 optimization enabled
[    0.939959] mptbase: ioc0: Initiating bringup
[    1.036412] ioc0: LSI53C1030 A0: Capabilities={Initiator}
[    1.109998] input: ImExPS/2 Generic Explorer Mouse as /devices/platform/i8042/serio1/input/input4
[    1.277643] scsi host2: ioc0: LSI53C1030 A0, FwRev=00000000h, Ports=1, MaxQ=256, IRQ=20
[    1.444967] scsi 2:0:0:0: Direct-Access     VBOX     HARDDISK         1.0  PQ: 0 ANSI: 5
[    1.450376] scsi target2:0:0: Beginning Domain Validation
[    1.452527] scsi target2:0:0: Domain Validation skipping write tests
[    1.453367] scsi target2:0:0: Ending Domain Validation
[    1.454067] scsi target2:0:0: asynchronous
[    1.454864] random: fast init done
[    1.455352] scsi 2:0:1:0: Direct-Access     VBOX     HARDDISK         1.0  PQ: 0 ANSI: 5
[    1.456483] scsi target2:0:1: Beginning Domain Validation
[    1.457731] scsi target2:0:1: Domain Validation skipping write tests
[    1.458540] scsi target2:0:1: Ending Domain Validation
[    1.459239] scsi target2:0:1: asynchronous
[    1.463118] random: systemd-udevd: uninitialized urandom read (16 bytes read)
[    1.464034] random: systemd-udevd: uninitialized urandom read (16 bytes read)
[    1.464979] random: systemd-udevd: uninitialized urandom read (16 bytes read)
[    1.466173] sd 2:0:0:0: [sda] 83886080 512-byte logical blocks: (42.9 GB/40.0 GiB)
[    1.467200] sd 2:0:0:0: [sda] Write Protect is off
[    1.467901] sd 2:0:0:0: [sda] Incomplete mode parameter data
[    1.468698] sd 2:0:0:0: [sda] Assuming drive cache: write through
[    1.470389] sd 2:0:0:0: Attached scsi generic sg0 type 0
[    1.471615] sd 2:0:1:0: [sdb] 20480 512-byte logical blocks: (10.5 MB/10.0 MiB)
[    1.472827] sd 2:0:1:0: [sdb] Write Protect is off
[    1.473613] sd 2:0:1:0: [sdb] Incomplete mode parameter data
[    1.474387] sd 2:0:1:0: [sdb] Assuming drive cache: write through
[    1.475285] sd 2:0:1:0: Attached scsi generic sg1 type 0
[    1.476123]  sda: sda1
[    1.477575] sd 2:0:0:0: [sda] Attached SCSI disk
[    1.479845] sd 2:0:1:0: [sdb] Attached SCSI disk
[    1.829027] e1000 0000:00:03.0 eth0: (PCI:33MHz:32-bit) 02:f3:7b:02:da:50
[    1.831103] e1000 0000:00:03.0 eth0: Intel(R) PRO/1000 Network Connection
[    1.833926] e1000 0000:00:03.0 enp0s3: renamed from eth0
Begin: Loading essential drivers ... [    3.188040] raid6: sse2x1   gen() 12794 MB/s
[    3.236076] raid6: sse2x1   xor()  7558 MB/s
[    3.284039] raid6: sse2x2   gen() 15715 MB/s
[    3.332041] raid6: sse2x2   xor() 10201 MB/s
[    3.380039] raid6: sse2x4   gen() 16407 MB/s
[    3.428061] raid6: sse2x4   xor()  9666 MB/s
[    3.476041] raid6: avx2x1   gen() 23904 MB/s
[    3.524060] raid6: avx2x1   xor() 13853 MB/s
[    3.572038] raid6: avx2x2   gen() 29484 MB/s
[    3.620038] raid6: avx2x2   xor() 18702 MB/s
[    3.668042] raid6: avx2x4   gen() 32502 MB/s
[    3.716021] raid6: avx2x4   xor() 20148 MB/s
[    3.716790] raid6: using algorithm avx2x4 gen() 32502 MB/s
[    3.717791] raid6: .... xor() 20148 MB/s, rmw enabled
[    3.718615] raid6: using avx2x2 recovery algorithm
[    3.720879] xor: automatically using best checksumming function   avx       
[    3.723691] async_tx: api initialized (async)
done.
Begin: Running /scripts/init-premount ... done.
Begin: Mounting root file system ... Begin: Running /scripts/local-top ... done.
Begin: Running /scripts/local-premount ... [    3.766329] Btrfs loaded, crc32c=crc32c-intel
Scanning for Btrfs filesystems
done.
Warning: fsck not present, so skipping root file system
[    3.791488] EXT4-fs (sda1): mounted filesystem with ordered data mode. Opts: (null)
done.
Begin: Running /scripts/local-bottom ... done.
Begin: Running /scripts/init-bottom ... done.
[    3.946529] ip_tables: (C) 2000-2006 Netfilter Core Team
[    3.953106] systemd[1]: systemd 237 running in system mode. (+PAM +AUDIT +SELINUX +IMA +APPARMOR +SMACK +SYSVINIT +UTMP +LIBCRYPTSETUP +GCRYPT +GNUTLS +ACL +XZ +LZ4 +SECCOMP +BLKID +ELFUTILS +KMOD -IDN2 +IDN -PCRE2 default-hierarchy=hybrid)
[    3.956727] systemd[1]: Detected virtualization oracle.
[    3.957434] systemd[1]: Detected architecture x86-64.

Welcome to [1mUbuntu 18.04.5 LTS[0m!

[    3.960098] systemd[1]: Set hostname to <ubuntu>.
[    3.962735] systemd[1]: Initializing machine ID from random generator.
[    3.963638] systemd[1]: Installed transient /etc/machine-id file.
[    4.157371] systemd[1]: Reached target User and Group Name Lookups.
[[0;32m  OK  [0m] Reached target User and Group Name Lookups.
[    4.159060] systemd[1]: Set up automount Arbitrary Executable File Formats File System Automount Point.
[[0;32m  OK  [0m] Set up automount Arbitrary Executabâ€¦rmats File System Automount Point.
[    4.161256] systemd[1]: Reached target System Time Synchronized.
[[0;32m  OK  [0m] Reached target System Time Synchronized.
[    4.162740] systemd[1]: Reached target Swap.
[[0;32m  OK  [0m] Reached target Swap.
[[0;32m  OK  [0m] Created slice User and Session Slice.
[[0;32m  OK  [0m] Started Forward Password Requests to Wall Directory Watch.
[[0;32m  OK  [0m] Created slice System Slice.
[[0;32m  OK  [0m] Listening on LVM2 poll daemon socket.
[[0;32m  OK  [0m] Listening on Journal Socket.
         Mounting POSIX Message Queue File System...
         Starting Uncomplicated firewall...
         Starting Load Kernel Modules...
[[0;32m  OK  [0m] Listening on Journal Audit Socket.
[[0;32m  OK  [0m] Listening on udev Kernel Socket.
[[0;32m  OK  [0m] Listening on Syslog Socket.
         Mounting Kernel Debug File System...
[[0;32m  OK  [0m] Listening on udev Control Socket.
[    4.201672] Loading iSCSI transport class v2.0-870.
         Starting Set the console keyboard layout...
[    4.211953] iscsi: registered transport (tcp)
[[0;32m  OK  [0m] Listening on Device-mapper event daemon FIFOs.
[[0;32m  OK  [0m] Listening on Network Service Netlink Socket.
[[0;32m  OK  [0m] Listening on Journal Socket (/dev/log).
         Starting udev Coldplug all Devices...
[    4.249531] iscsi: registered transport (iser)
[[0;32m  OK  [0m] Created slice system-serial\x2dgetty.slice.
[[0;32m  OK  [0m] Listening on fsck to fsckd communication Socket.
         Starting File System Check on Root Device...
[[0;32m  OK  [0m] Listening on /dev/initctl Compatibility Named Pipe.
         Mounting Huge Pages File System...
[[0;32m  OK  [0m] Listening on LVM2 metadata daemon socket.
         Starting Monitoring of LVM2 mirrorsâ€¦ng dmeventd or progress polling...
[[0;32m  OK  [0m] Reached target Slices.
         Starting Journal Service...
         Starting Create list of required stâ€¦ce nodes for the current kernel...
[[0;32m  OK  [0m] Mounted POSIX Message Queue File System.
[[0;32m  OK  [0m] Started Uncomplicated firewall.
[[0;32m  OK  [0m] Started Load Kernel Modules.
[[0;32m  OK  [0m] Mounted Kernel Debug File System.
[[0;32m  OK  [0m] Mounted Huge Pages File System.
[[0;32m  OK  [0m] Started File System Check Daemon to report status.
         Starting Apply Kernel Variables...
         Mounting Kernel Configuration File System...
         Mounting FUSE Control File System...
[[0;32m  OK  [0m] Started File System Check on Root Device.
[[0;32m  OK  [0m] Started Create list of required staâ€¦vice nodes for the current kernel.
[[0;32m  OK  [0m] Mounted Kernel Configuration File System.
[[0;32m  OK  [0m] Mounted FUSE Control File System.
         Starting Create Static Device Nodes in /dev...
         Starting Remount Root and Kernel File Systems...
[[0;32m  OK  [0m] Started LVM2 metadata daemon.
[[0;32m  OK  [0m] Started Journal Service.
[[0;32m  OK  [0m] Started Create Static Device Nodes in /dev.
[[0;32m  OK  [0m] Started Apply Kernel Variables.
[[0;32m  OK  [0m] Started udev Coldplug all Devices.
[[0;32m  OK  [0m] Started Set the console keyboard layout.
[[0;32m  OK  [0m] Started Remount Root and Kernel File Systems.
         Starting Load/Save Random Seed...
         Starting Flush Journal to Persistent Storage...
         Starting udev Kernel Device Manager...
[[0;32m  OK  [0m] Started Monitoring of LVM2 mirrors,â€¦sing dmeventd or progress polling.
[[0;32m  OK  [0m] Started Load/Save Random Seed.
[[0;32m  OK  [0m] Reached target Local File Systems (Pre).
[[0;32m  OK  [0m] Reached target Local File Systems.
         Starting ebtables ruleset management...
         Starting AppArmor initialization...
         Starting Commit a transient machine-id on disk...
         Starting Tell Plymouth To Write Out Runtime Data...
         Starting Set console font and keymap...
[[0;32m  OK  [0m] Started udev Kernel Device Manager.
[[0;32m  OK  [0m] Started Dispatch Password Requests to Console Directory Watch.
[[0;32m  OK  [0m] Reached target Local Encrypted Volumes.
[[0;32m  OK  [0m] Started Tell Plymouth To Write Out Runtime Data.
[[0;32m  OK  [0m] Started Set console font and keymap.
[[0;32m  OK  [0m] Started Commit a transient machine-id on disk.
[[0;32m  OK  [0m] Started Flush Journal to Persistent Storage.
         Starting Create Volatile Files and Directories...
[[0;32m  OK  [0m] Started Create Volatile Files and Directories.
         Starting Update UTMP about System Boot/Shutdown...
[[0;32m  OK  [0m] Started ebtables ruleset management.
[[0;32m  OK  [0m] Started Update UTMP about System Boot/Shutdown.
[[0;32m  OK  [0m] Found device /dev/ttyS0.
[[0;32m  OK  [0m] Listening on Load/Save RF Kill Switch Status /dev/rfkill Watch.
[[0;32m  OK  [0m] Started AppArmor initialization.
         Starting Load AppArmor profiles managed internally by snapd...
         Starting Initial cloud-init job (pre-networking)...
[[0;32m  OK  [0m] Started Load AppArmor profiles managed internally by snapd.
[    6.509707] cloud-init[573]: Cloud-init v. 21.1-19-gbad84ad4-0ubuntu1~18.04.1 running 'init-local' at Wed, 21 Apr 2021 19:20:23 +0000. Up 6.24 seconds.
[[0;32m  OK  [0m] Started Initial cloud-init job (pre-networking).
[[0;32m  OK  [0m] Reached target Network (Pre).
         Starting Network Service...
[[0;32m  OK  [0m] Started Network Service.
         Starting Network Name Resolution...
         Starting Wait for Network to be Configured...
[[0;32m  OK  [0m] Started Network Name Resolution.
[[0;32m  OK  [0m] Reached target Network.
[[0;32m  OK  [0m] Reached target Host and Network Name Lookups.
[[0;32m  OK  [0m] Started Wait for Network to be Configured.
         Starting Initial cloud-init job (metadata service crawler)...
[    8.156558] cloud-init[650]: Cloud-init v. 21.1-19-gbad84ad4-0ubuntu1~18.04.1 running 'init' at Wed, 21 Apr 2021 19:20:24 +0000. Up 8.05 seconds.
[    8.157462] cloud-init[650]: ci-info: ++++++++++++++++++++++++++++++++++++++Net device info++++++++++++++++++++++++++++++++++++++
[    8.159071] cloud-init[650]: ci-info: +--------+------+----------------------------+---------------+--------+-------------------+
[    8.160096] cloud-init[650]: ci-info: | Device |  Up  |          Address           |      Mask     | Scope  |     Hw-Address    |
[    8.161037] cloud-init[650]: ci-info: +--------+------+----------------------------+---------------+--------+-------------------+
[    8.163415] cloud-init[650]: ci-info: | enp0s3 | True |         10.0.2.15          | 255.255.255.0 | global | 02:f3:7b:02:da:50 |
[    8.165403] cloud-init[650]: ci-info: | enp0s3 | True | fe80::f3:7bff:fe02:da50/64 |       .       |  link  | 02:f3:7b:02:da:50 |
[    8.167645] cloud-init[650]: ci-info: |   lo   | True |         127.0.0.1          |   255.0.0.0   |  host  |         .         |
[    8.172159] cloud-init[650]: ci-info: |   lo   | True |          ::1/128           |       .       |  host  |         .         |
[    8.184184] cloud-init[650]: ci-info: +--------+------+----------------------------+---------------+--------+-------------------+
[    8.196284] cloud-init[650]: ci-info: ++++++++++++++++++++++++++++Route IPv4 info+++++++++++++++++++++++++++++
[    8.208231] cloud-init[650]: ci-info: +-------+-------------+----------+-----------------+-----------+-------+
[    8.220155] cloud-init[650]: ci-info: | Route | Destination | Gateway  |     Genmask     | Interface | Flags |
[    8.232201] cloud-init[650]: ci-info: +-------+-------------+----------+-----------------+-----------+-------+
[    8.244227] cloud-init[650]: ci-info: |   0   |   0.0.0.0   | 10.0.2.2 |     0.0.0.0     |   enp0s3  |   UG  |
[    8.256176] cloud-init[650]: ci-info: |   1   |   10.0.2.0  | 0.0.0.0  |  255.255.255.0  |   enp0s3  |   U   |
[    8.256985] cloud-init[650]: ci-info: |   2   |   10.0.2.2  | 0.0.0.0  | 255.255.255.255 |   enp0s3  |   UH  |
[    8.258054] cloud-init[650]: ci-info: +-------+-------------+----------+-----------------+-----------+-------+
[    8.259937] cloud-init[650]: ci-info: +++++++++++++++++++Route IPv6 info+++++++++++++++++++
[    8.262208] cloud-init[650]: ci-info: +-------+-------------+---------+-----------+-------+
[    8.263246] cloud-init[650]: ci-info: | Route | Destination | Gateway | Interface | Flags |
[    8.264431] cloud-init[650]: ci-info: +-------+-------------+---------+-----------+-------+
[    8.271731] cloud-init[650]: ci-info: |   1   |  fe80::/64  |    ::   |   enp0s3  |   U   |
[    8.272715] cloud-init[650]: ci-info: |   3   |    local    |    ::   |   enp0s3  |   U   |
[    8.275053] cloud-init[650]: ci-info: |   4   |   ff00::/8  |    ::   |   enp0s3  |   U   |
[    8.275829] cloud-init[650]: ci-info: +-------+-------------+---------+-----------+-------+
[    8.825058] cloud-init[650]: Generating public/private rsa key pair.
[    8.825572] cloud-init[650]: Your identification has been saved in /etc/ssh/ssh_host_rsa_key.
[    8.836297] cloud-init[650]: Your public key has been saved in /etc/ssh/ssh_host_rsa_key.pub.
[    8.848207] cloud-init[650]: The key fingerprint is:
[    8.860191] cloud-init[650]: SHA256:X4UeZBcNxloLXR9rpyuKnCOWxu7grvCQ03WjIMyDp5Q root@ubuntu-bionic
[    8.860944] cloud-init[650]: The key's randomart image is:
[    8.861634] cloud-init[650]: +---[RSA 2048]----+
[    8.862148] cloud-init[650]: |            oo=*.|
[    8.862743] cloud-init[650]: |           o.++ =|
[    8.864122] cloud-init[650]: |            o+.+o|
[    8.867624] cloud-init[650]: |+ .        ..oo..|
[    8.868309] cloud-init[650]: |oEo . o S   o .  |
[    8.868981] cloud-init[650]: |.*.o o . . .   . |
[[0;32m  OK  [0m] Started Initial cloud-init job (metadata service crawler).
[    8.883427] cloud-init[650]: |* . o. .  . . .  |
[[0;32m  OK  [0m] Reached target System Initialization.
[[0;32m  OK  [0m] Listening on UUID daemon activation socket.
         Starting Socket activation for snappy daemon.
[[0;32m  OK  [0m] Started Daily Cleanup of Temporary Directories.
[[0;32m  OK  [0m] Listening on D-Bus System Message Bus Socket.[    8.892606] cloud-init[650]: | = . .*..o . .   |
[    8.893288] cloud-init[650]: |  ooo=o.+..      |
[    8.893866] cloud-init[650]: +----[SHA256]-----+
[    8.894452] cloud-init[650]: Generating public/private dsa key pair.
[    8.895179] cloud-init[650]: Your identification has been saved in /etc/ssh/ssh_host_dsa_key.

         Starting LXD - unix socket.
[[0;32m  OK  [0m] Listening on Open-iSCSI iscsid Socket.
[[0;32m  OK  [0m] Started Discard unused blocks once a week.
[[0;32m  OK  [0m] Started Message of the Day.
[[0;32m  OK  [0m] Started Daily apt download activities.
[[0;32m  OK  [0m] Started Daily apt upgrade and clean activities.
[[0;32m  OK  [0m] Started ACPI Events Check.
[[0;32m  OK  [0m] Reached target Paths.
[[0;32m  OK  [0m] Reached target Timers.
[[0;32m  OK  [0m] Listening on ACPID Listen Socket.
[[0;32m  OK  [0m] [    8.908155] cloud-init[650]: Your public key has been saved in /etc/ssh/ssh_host_dsa_key.pub.
[    8.909092] cloud-init[650]: The key fingerprint is:
[    8.909696] cloud-init[650]: SHA256:vULGoWi4Tsu0wBFEqmsaDBt7KqhYi7O5/GI+t+/rhE4 root@ubuntu-bionic
[    8.910635] cloud-init[650]: The key's randomart image is:
[    8.911276] cloud-init[650]: +---[DSA 1024]----+
[    8.911860] cloud-initReached target Network is Online.
         Starting Availability of block devices...
[[0;32m  OK  [0m] Reached target Remote File Systems (Pre).
[[0;32m  OK  [0m] Reached target Remote File Systems.
[[0;32m  OK  [0m] Reached target Cloud-config availability.
[[0;32m  OK  [0m] Listening on Socket activation for snappy daemon.
[[0;32m  OK  [0m] Listening on LXD - unix socket.
[[0;32m  OK  [0m] Reached target Sockets.
[[0;32m  OK  [0m] Reached target Basic System.
[[0;32m  OK  [0m] Started D-Bus System Message Bus.
[650]: |.o               |
[    8.927403] cloud-init[650]: |o                |
[    8.928445] cloud-init[650]: |..      .        |
[    8.929861] cloud-init[650]: |. .. . o o       |
[    8.934720] cloud-init[650]: |+.. o . S .      |
[    8.936460] cloud-init[650]: |+=.o.  o   .     |
[    8.938760] cloud-init[650]: |B+*E .  . .      |
[    8.941106] cloud-init[650]: |O^o=.    .       |
[    8.942925] cloud-init[650]: |#*@+==.          |
[    8.947171] cloud-init[650]: +----[SHA256]-----+
[    8.949444] cloud-init[650]: Generating public/private ecdsa key pair.
[    8.951589] cloud-init[650]: Your identification has been saved in /etc/ssh/ssh_host_ecdsa_key.
[    8.953125] [[0;32m  OK  [0m] Started irqbalance daemon.
         Starting Dispatcher daemon for systemd-networkd...
cloud-init[650]: Your public key has been saved in /etc/ssh/ssh_host_ecdsa_key.pub.
[[0;32m  OK  [0m] Started FUSE filesystem for LXC.
         Starting LXD - container startup/shutdown...
[    8.965542] cloud-init[650]: The key fingerprint is:
[    8.976211] cloud-init[650]: SHA256:RY/PVAA4VpyAM54UXsR1VX7cHhYTYbobLRQEutefJzE root@ubuntu-bionic
[    8.977167] cloud-init[650]: The key's randomart image is:
[    8.978476] cloud-init[650]: +---[ECDSA 256]---+
[    8.979213] cloud-init[650]: |      .=+*=+==oB+|
[    8.980899] cloud-init[650]: |     .=.=.++ .+o+|
[    8.983784] cloud-init[650]: |     o.= oo oo o=|
[    8.988163] cloud-init[650]: |      o  ..+o +.o|
[    8.989427] cloud-init[650]: |        S. .o=E..|
[    8.990666] cloud-init[650]: |          .   =o.|
[    8.992484] cloud-init[650]: |             ..o.|
[    8.994226] cloud-init[650]: |               ..|
[    8.995183] cloud-init[650]: |                 |
[    8.997901] cloud-init[650]: +----[SHA256]-----+
[    9.000275] cloud-init[650]: Generating public/private ed25519 key pair.
[    9.003507] cloud-init[650]: Your identification has been saved in /etc/ssh/ssh_host_ed25519_key.
[    9.008496] cloud-init[650]: Your public key has been saved in /etc/ssh/ssh_host_ed25519_key.pub.
[    9.012298] cloud-init[650]: The key fingerprint is:
[    9.014896] cloud-init[650]: SHA256:Kao5SEDjJoZGvxEifPfTtBMBQmGPtitVTsTLjY8GQ+4 root@ubuntu-bionic
[    9.019382] cloud-init[650]: The key's randomart image is:
[    9.021349] cloud-init[650]: +--[ED25519 256]--+
[    9.023850] cloud-init[650]: |.   .=oo...      |
[    9.027087] cloud-init[650]: |.* o.o=. o       |
[    9.029300] cloud-init[650]: |* = =oo+* o      |
[    9.032154] cloud-init[650]: |+= o.+=* *       |
[    9.034569] cloud-init[650]: |*   +o+.S .      |
[    9.037384] cloud-init[650]: | . ..E.+ .       |
[    9.039476] cloud-init[650]: |.. ....          |
[    9.041533] cloud-init[650]: |. .o.            |
[    9.043153] cloud-init[650]: |  o.             |
[    9.044984] cloud-init[650]: +----[SHA256]-----+
         Starting Pollinate to seed the pseudo random number generator...
         Starting Accounts Service...
         Starting Snap Daemon...
         Starting Login Service...
[[0;32m  OK  [0m] Started Regular background program processing daemon.
         Starting Virtualbox guest utils...
         Starting LSB: automatic crash report generation...
         Starting LSB: Record successful boot for GRUB...
         Starting Permit User Sessions...
         Starting System Logging Service...
[[0;32m  OK  [0m] Started Deferred execution scheduler.
[[0;32m  OK  [0m] Started Availability of block devices.
[[0;32m  OK  [0m] Started LXD - container startup/shutdown.
[[0;32m  OK  [0m] Started Login Service.
[[0;32m  OK  [0m] Started System Logging Service.
[[0;32m  OK  [0m] Started Permit User Sessions.
         Starting Terminate Plymouth Boot Screen...
         Starting Hold until boot process finishes up...
         Starting Authorization Manager...
[[0;32m  OK  [0m] Started Unattended Upgrades Shutdown.
[[0;32m  OK  [0m] Started Terminate Plymouth Boot Screen.
[[0;32m  OK  [0m] Started Hold until boot process finishes up.
[[0;32m  OK  [0m] Started Serial Getty on ttyS0.
         Starting Set console scheme...
[[0;32m  OK  [0m] Started Authorization Manager.
[[0;32m  OK  [0m] Started Accounts Service.
[[0;32m  OK  [0m] Started Set console scheme.
[[0;32m  OK  [0m] Created slice system-getty.slice.
[[0;32m  OK  [0m] Started Getty on tty1.
[[0;32m  OK  [0m] Reached target Login Prompts.
[[0;32m  OK  [0m] Started Dispatcher daemon for systemd-networkd.
[[0;32m  OK  [0m] Started LSB: automatic crash report generation.
[[0;32m  OK  [0m] Started LSB: Record successful boot for GRUB.
[[0;32m  OK  [0m] Started Virtualbox guest utils.
[[0;32m  OK  [0m] Started Snap Daemon.
         Starting Wait until snapd is fully seeded...
[[0;32m  OK  [0m] Started Pollinate to seed the pseudo random number generator.
         Starting OpenBSD Secure Shell server...
[[0;32m  OK  [0m] Started OpenBSD Secure Shell server.
[[0;32m  OK  [0m] Created slice User Slice of vagrant.
         Starting User Manager for UID 1000...
[[0;32m  OK  [0m] Started Session 1 of user vagrant.
[[0;32m  OK  [0m] Started User Manager for UID 1000.

Ubuntu 18.04.5 LTS ubuntu-bionic ttyS0

ubuntu-bionic login: [   18.252542] cloud-init[1485]: Cloud-init v. 21.1-19-gbad84ad4-0ubuntu1~18.04.1 running 'modules:config' at Wed, 21 Apr 2021 19:20:34 +0000. Up 17.87 seconds.
ci-info: no authorized SSH keys fingerprints found for user ubuntu.
<14>Apr 21 19:20:35 ec2: 
<14>Apr 21 19:20:35 ec2: #############################################################
<14>Apr 21 19:20:35 ec2: -----BEGIN SSH HOST KEY FINGERPRINTS-----
<14>Apr 21 19:20:35 ec2: 1024 SHA256:vULGoWi4Tsu0wBFEqmsaDBt7KqhYi7O5/GI+t+/rhE4 root@ubuntu-bionic (DSA)
<14>Apr 21 19:20:35 ec2: 256 SHA256:RY/PVAA4VpyAM54UXsR1VX7cHhYTYbobLRQEutefJzE root@ubuntu-bionic (ECDSA)
<14>Apr 21 19:20:35 ec2: 256 SHA256:Kao5SEDjJoZGvxEifPfTtBMBQmGPtitVTsTLjY8GQ+4 root@ubuntu-bionic (ED25519)
<14>Apr 21 19:20:35 ec2: 2048 SHA256:X4UeZBcNxloLXR9rpyuKnCOWxu7grvCQ03WjIMyDp5Q root@ubuntu-bionic (RSA)
<14>Apr 21 19:20:35 ec2: -----END SSH HOST KEY FINGERPRINTS-----
<14>Apr 21 19:20:35 ec2: #############################################################
-----BEGIN SSH HOST KEY KEYS-----
ecdsa-sha2-nistp256 AAAAE2VjZHNhLXNoYTItbmlzdHAyNTYAAAAIbmlzdHAyNTYAAABBBEdl5YOL90+FstljryJTTszKwT0J7Yd6pC1R8vtb1kF9l/Olz83UgfUWEaY/rhWIpTjods+qKh3phjC09Zuw5hs= root@ubuntu-bionic
ssh-ed25519 AAAAC3NzaC1lZDI1NTE5AAAAICO/vuw8swRGnkl5+FYulSX7bgAJu9+gLGl9ZttRkvDR root@ubuntu-bionic
ssh-rsa AAAAB3NzaC1yc2EAAAADAQABAAABAQDZd0OD4bW2p+Ao8Lg6F8SMrbLn3t9KHMjY/ShJRUrlbXOHaLCFtpDjIVhcy1QLzJl58a08W13VzhqSZw2+/iETp1mD0sMrES3H4ylmrH/xI+5e67oeqFgs6UaiT6w+Gy5gDvNfTQweUZjRMtN7/btMx0a2cxCzqHwQ0+fRDtFdaQJ9q06WX2yHghDQiRWBo92u1bSRBYFljtlYZv7nuHOrfmwhrIZLboHOJ9jwcfc2+MWjb90POuoAS0NOjp2JfVLzk7+Stbjrg4TsTmm8jvyxKQNjeZCS7wXoe3SyKUQMBtbC0gPqGlXE+0g03NZTlh7X7cakCkqlAuaScxGi3r3t root@ubuntu-bionic
-----END SSH HOST KEY KEYS-----
[   18.810126] cloud-init[1593]: Cloud-init v. 21.1-19-gbad84ad4-0ubuntu1~18.04.1 running 'modules:final' at Wed, 21 Apr 2021 19:20:35 +0000. Up 18.68 seconds.
[   18.811510] cloud-init[1593]: ci-info: no authorized SSH keys fingerprints found for user ubuntu.
[   18.812776] cloud-init[1593]: Cloud-init v. 21.1-19-gbad84ad4-0ubuntu1~18.04.1 finished at Wed, 21 Apr 2021 19:20:35 +0000. Datasource DataSourceNoCloud [seed=/dev/sdb][dsmode=net].  Up 18.80 seconds
